../Core/Src/main.c:183:5:main	256	static
../Core/Src/main.c:416:6:SystemClock_Config	88	static
../Core/Src/main.c:463:6:consignas	8	static
../Core/Src/main.c:512:9:modoCalibracion	24	static
../Core/Src/main.c:693:9:modoAprendizaje	32	static
../Core/Src/main.c:737:9:modoEjecucion	32	static
../Core/Src/main.c:783:5:HomingMotors	32	static
../Core/Src/main.c:835:5:targetComplete	24	static
../Core/Src/main.c:850:6:ActivatedAll	24	static
../Core/Src/main.c:870:7:deg2rad	16	static
../Core/Src/main.c:875:6:moveMotors	24	static
../Core/Src/main.c:899:6:HAL_GPIO_EXTI_Callback	24	static
../Core/Src/main.c:948:6:Servo_Write_angle	24	static
../Core/Src/main.c:955:6:CDC_FS_Substring	32	static
../Core/Src/main.c:967:6:HAL_TIM_PeriodElapsedCallback	24	static
../Core/Src/main.c:1003:6:Error_Handler	4	static,ignoring_inline_asm
