../Core/Src/main.c:595:6:ActivatedAll.part.0	8	static
../Core/Src/main.c:485:6:SystemClock_Config	96	static,ignoring_inline_asm
../Core/Src/main.c:529:5:HomingMotors	24	static
../Core/Src/main.c:580:5:targetComplete	8	static
../Core/Src/main.c:595:6:ActivatedAll	0	static
../Core/Src/main.c:619:7:deg2rad	8	static
../Core/Src/main.c:624:6:moveMotors	0	static
../Core/Src/main.c:648:6:HAL_GPIO_EXTI_Callback	8	static
../Core/Src/main.c:687:6:Servo_Write_angle	0	static
../Core/Src/main.c:694:6:CDC_FS_Substring	20	static
../Core/Src/main.c:185:5:main	112	static
../Core/Src/main.c:705:6:HAL_TIM_PeriodElapsedCallback	24	static
../Core/Src/main.c:742:6:Error_Handler	0	static,ignoring_inline_asm
