../Core/Src/main.c:486:6:SystemClock_Config	96	static,ignoring_inline_asm
../Core/Src/main.c:530:5:HomingMotors	24	static
../Core/Src/main.c:581:5:targetComplete	8	static
../Core/Src/main.c:596:6:ActivatedAll	0	static
../Core/Src/main.c:616:7:deg2rad	8	static
../Core/Src/main.c:621:6:moveMotors	0	static
../Core/Src/main.c:645:6:HAL_GPIO_EXTI_Callback	8	static
../Core/Src/main.c:691:6:Servo_Write_angle	0	static
../Core/Src/main.c:698:6:CDC_FS_Substring	20	static
../Core/Src/main.c:185:5:main	112	static
../Core/Src/main.c:709:6:HAL_TIM_PeriodElapsedCallback	24	static
../Core/Src/main.c:746:6:Error_Handler	0	static,ignoring_inline_asm
